// Jest Snapshot v1, https://goo.gl/fbAQLP

exports[`GraphQL - Schema should match snapshot 1`] = `
"directive @listArgs on FIELD_DEFINITION

directive @defaultArgs on FIELD_DEFINITION

\\"\\"\\"
The \`JSON\` scalar type represents JSON values as specified by [ECMA-404](http://www.ecma-international.org/publications/files/ECMA-ST/ECMA-404.pdf).
\\"\\"\\"
scalar JSON @specifiedBy(url: \\"http://www.ecma-international.org/publications/files/ECMA-ST/ECMA-404.pdf\\")

\\"\\"\\"
A date-time string at UTC, such as 2007-12-03T10:15:30Z, compliant with the \`date-time\` format outlined in section 5.6 of the RFC 3339 profile of the ISO 8601 standard for representation of dates and times using the Gregorian calendar.
\\"\\"\\"
scalar DateTime

type Query {
  _empty: String
  discs(order: String, where: JSON, offset: Int, limit: Int): [Disc]
  disc(id: Int!, where: JSON): Disc
}

type Mutation {
  _empty: String
  createDisc(disc: DiscCreate): Disc
  updateDisc(disc: DiscUpdate): Disc
  destroyDisc(disc: DiscDestroy): Disc
}

type Subscription {
  _empty: String
}

type Disc {
  id: Int
  brand: String
  mold: String
  plastic: String
  weight: Int
  speed: Int
  glide: Int
  turn: Int
  fade: Int
  createdAt: DateTime
  updatedAt: DateTime
}

input DiscCreate {
  brand: String
  mold: String
  plastic: String
  weight: Int
  speed: Int
  glide: Int
  turn: Int
  fade: Int
}

input DiscUpdate {
  id: Int!
  brand: String
  mold: String
  plastic: String
  weight: Int
  speed: Int
  glide: Int
  turn: Int
  fade: Int
}

input DiscDestroy {
  id: Int!
}
"
`;
